tks@tks-4790k:~/download/xgb/xgboost$ mkdir build
tks@tks-4790k:~/download/xgb/xgboost$ cd build
tks@tks-4790k:~/download/xgb/xgboost/build$ cmake .. -DPLUGIN_UPDATER_GPU=ON -DCUB_DIRECTORY=/home/tks/download/cub
-- The C compiler identification is GNU 4.8.4
-- The CXX compiler identification is GNU 4.8.4
-- Check for working C compiler: /usr/bin/cc
-- Check for working C compiler: /usr/bin/cc -- works
-- Detecting C compiler ABI info
-- Detecting C compiler ABI info - done
-- Detecting C compile features
-- Detecting C compile features - done
-- Check for working CXX compiler: /usr/bin/c++
-- Check for working CXX compiler: /usr/bin/c++ -- works
-- Detecting CXX compiler ABI info
-- Detecting CXX compiler ABI info - done
-- Detecting CXX compile features
-- Detecting CXX compile features - done
-- Try OpenMP C flag = [-fopenmp]
-- Performing Test OpenMP_FLAG_DETECTED
-- Performing Test OpenMP_FLAG_DETECTED - Success
-- Try OpenMP CXX flag = [-fopenmp]
-- Performing Test OpenMP_FLAG_DETECTED
-- Performing Test OpenMP_FLAG_DETECTED - Success
-- Found OpenMP: -fopenmp  
-- Performing Test COMPILER_SUPPORTS_CXX11
-- Performing Test COMPILER_SUPPORTS_CXX11 - Success
-- Performing Test COMPILER_SUPPORTS_CXX0X
-- Performing Test COMPILER_SUPPORTS_CXX0X - Success
-- Performing Test SUPPORT_CXX0X
-- Performing Test SUPPORT_CXX0X - Success
-- Performing Test SUPPORT_MSSE2
-- Performing Test SUPPORT_MSSE2 - Success
-- Looking for pthread.h
-- Looking for pthread.h - found
-- Looking for pthread_create
-- Looking for pthread_create - not found
-- Looking for pthread_create in pthreads
-- Looking for pthread_create in pthreads - not found
-- Looking for pthread_create in pthread
-- Looking for pthread_create in pthread - found
-- Found Threads: TRUE  
-- Configuring done
-- Generating done
-- Build files have been written to: /home/tks/download/xgb/xgboost/build
tks@tks-4790k:~/download/xgb/xgboost/build$ make -j4
Scanning dependencies of target dmlccore
[  1%] Building NVCC (Device) object CMakeFiles/updater_gpu.dir/plugin/updater_gpu/src/updater_gpu_generated_gpu_builder.cu.o
Scanning dependencies of target rabit
[  2%] Building CXX object CMakeFiles/rabit.dir/rabit/src/allreduce_base.cc.o
[  3%] Building CXX object CMakeFiles/rabit.dir/rabit/src/allreduce_robust.cc.o
[  4%] Building CXX object dmlc-core/CMakeFiles/dmlccore.dir/src/config.cc.o
[  5%] Building CXX object dmlc-core/CMakeFiles/dmlccore.dir/src/data.cc.o
[  7%] Building CXX object dmlc-core/CMakeFiles/dmlccore.dir/src/io.cc.o
[  8%] Building CXX object CMakeFiles/rabit.dir/rabit/src/engine.cc.o
/home/tks/download/xgb/xgboost/plugin/updater_gpu/src/device_helpers.cuh(151): warning: missing return statement at end of non-void function "dh::Timer::seconds_now"

/home/tks/download/xgb/xgboost/plugin/updater_gpu/src/device_helpers.cuh(164): warning: missing return statement at end of non-void function "dh::Timer::elapsed"

[  9%] Building CXX object CMakeFiles/rabit.dir/rabit/src/c_api.cc.o
/home/tks/download/xgb/xgboost/include/xgboost/././feature_map.h(66): warning: type qualifier on return type is meaningless

/home/tks/download/xgb/xgboost/plugin/updater_gpu/src/gpu_builder.cu(146): error: __host__ or __device__ annotation on lambda requires --expt-extended-lambda nvcc flag

/home/tks/download/xgb/xgboost/plugin/updater_gpu/src/gpu_builder.cu(166): error: __host__ or __device__ annotation on lambda requires --expt-extended-lambda nvcc flag

/home/tks/download/xgb/xgboost/plugin/updater_gpu/src/gpu_builder.cu(192): error: __host__ or __device__ annotation on lambda requires --expt-extended-lambda nvcc flag

/home/tks/download/xgb/xgboost/plugin/updater_gpu/src/gpu_builder.cu(263): warning: conversion from a string literal to "char *" is deprecated

/home/tks/download/xgb/xgboost/plugin/updater_gpu/src/gpu_builder.cu(273): warning: conversion from a string literal to "char *" is deprecated

/home/tks/download/xgb/xgboost/plugin/updater_gpu/src/gpu_builder.cu(279): warning: conversion from a string literal to "char *" is deprecated

/home/tks/download/xgb/xgboost/plugin/updater_gpu/src/gpu_builder.cu(289): warning: conversion from a string literal to "char *" is deprecated

/home/tks/download/xgb/xgboost/plugin/updater_gpu/src/gpu_builder.cu(291): warning: conversion from a string literal to "char *" is deprecated

/home/tks/download/xgb/xgboost/plugin/updater_gpu/src/gpu_builder.cu(294): warning: conversion from a string literal to "char *" is deprecated

/home/tks/download/xgb/xgboost/plugin/updater_gpu/src/gpu_builder.cu(401): warning: conversion from a string literal to "char *" is deprecated

/home/tks/download/xgb/xgboost/plugin/updater_gpu/src/gpu_builder.cu(406): warning: conversion from a string literal to "char *" is deprecated

[ 10%] Linking CXX static library librabit.a
[ 10%] Built target rabit
[ 11%] Building CXX object dmlc-core/CMakeFiles/dmlccore.dir/src/recordio.cc.o
/home/tks/download/xgb/xgboost/plugin/updater_gpu/src/device_helpers.cuh(471): error: The closure type for a lambda ("lambda [](xgboost::bst_uint)->void") cannot be used in the template argument type of a __global__ function template instantiation, unless the lambda is defined within a __device__ or __global__ function, or the lambda is a 'extended lambda' and the flag --expt-extended-lambda is specified
          detected during:
            instantiation of "dh::launch_n_kernel" based on template argument <lambda [](xgboost::bst_uint)->void> 
(471): here
            instantiation of "void dh::launch_n(size_t, L) [with L=lambda [](xgboost::bst_uint)->void, ITEMS_PER_THREAD=8, BLOCK_THREADS=256]" 
/home/tks/download/xgb/xgboost/plugin/updater_gpu/src/gpu_builder.cu(146): here

/home/tks/download/xgb/xgboost/plugin/updater_gpu/src/device_helpers.cuh(471): error: A type defined inside a __host__ function  ("lambda [](xgboost::bst_uint)->void") cannot be used in the template argument type of a __global__ function template instantiation
          detected during:
            instantiation of "dh::launch_n_kernel" based on template argument <lambda [](xgboost::bst_uint)->void> 
(471): here
            instantiation of "void dh::launch_n(size_t, L) [with L=lambda [](xgboost::bst_uint)->void, ITEMS_PER_THREAD=8, BLOCK_THREADS=256]" 
/home/tks/download/xgb/xgboost/plugin/updater_gpu/src/gpu_builder.cu(146): here

/home/tks/download/xgb/xgboost/plugin/updater_gpu/src/device_helpers.cuh(471): error: The closure type for a lambda ("lambda [](int)->void") cannot be used in the template argument type of a __global__ function template instantiation, unless the lambda is defined within a __device__ or __global__ function, or the lambda is a 'extended lambda' and the flag --expt-extended-lambda is specified
          detected during:
            instantiation of "dh::launch_n_kernel" based on template argument <lambda [](int)->void> 
(471): here
            instantiation of "void dh::launch_n(size_t, L) [with L=lambda [](int)->void, ITEMS_PER_THREAD=8, BLOCK_THREADS=256]" 
/home/tks/download/xgb/xgboost/plugin/updater_gpu/src/gpu_builder.cu(166): here

/home/tks/download/xgb/xgboost/plugin/updater_gpu/src/device_helpers.cuh(471): error: A type defined inside a __host__ function  ("lambda [](int)->void") cannot be used in the template argument type of a __global__ function template instantiation
          detected during:
            instantiation of "dh::launch_n_kernel" based on template argument <lambda [](int)->void> 
(471): here
            instantiation of "void dh::launch_n(size_t, L) [with L=lambda [](int)->void, ITEMS_PER_THREAD=8, BLOCK_THREADS=256]" 
/home/tks/download/xgb/xgboost/plugin/updater_gpu/src/gpu_builder.cu(166): here

/home/tks/download/xgb/xgboost/plugin/updater_gpu/src/device_helpers.cuh(471): error: The closure type for a lambda ("lambda [](int)->void") cannot be used in the template argument type of a __global__ function template instantiation, unless the lambda is defined within a __device__ or __global__ function, or the lambda is a 'extended lambda' and the flag --expt-extended-lambda is specified
          detected during:
            instantiation of "dh::launch_n_kernel" based on template argument <lambda [](int)->void> 
(471): here
            instantiation of "void dh::launch_n(size_t, L) [with L=lambda [](int)->void, ITEMS_PER_THREAD=8, BLOCK_THREADS=256]" 
/home/tks/download/xgb/xgboost/plugin/updater_gpu/src/gpu_builder.cu(192): here

/home/tks/download/xgb/xgboost/plugin/updater_gpu/src/device_helpers.cuh(471): error: A type defined inside a __host__ function  ("lambda [](int)->void") cannot be used in the template argument type of a __global__ function template instantiation
          detected during:
            instantiation of "dh::launch_n_kernel" based on template argument <lambda [](int)->void> 
(471): here
            instantiation of "void dh::launch_n(size_t, L) [with L=lambda [](int)->void, ITEMS_PER_THREAD=8, BLOCK_THREADS=256]" 
/home/tks/download/xgb/xgboost/plugin/updater_gpu/src/gpu_builder.cu(192): here

[ 13%] Building CXX object dmlc-core/CMakeFiles/dmlccore.dir/src/io/line_split.cc.o
[ 14%] Building CXX object dmlc-core/CMakeFiles/dmlccore.dir/src/io/recordio_split.cc.o
9 errors detected in the compilation of "/tmp/tmpxft_000037be_00000000-7_gpu_builder.cpp1.ii".
CMake Error at updater_gpu_generated_gpu_builder.cu.o.cmake:282 (message):
  Error generating file
  /home/tks/download/xgb/xgboost/build/CMakeFiles/updater_gpu.dir/plugin/updater_gpu/src/./updater_gpu_generated_gpu_builder.cu.o


make[2]: *** [CMakeFiles/updater_gpu.dir/plugin/updater_gpu/src/updater_gpu_generated_gpu_builder.cu.o] Error 1
make[1]: *** [CMakeFiles/updater_gpu.dir/all] Error 2
make[1]: *** Waiting for unfinished jobs....
[ 15%] Building CXX object dmlc-core/CMakeFiles/dmlccore.dir/src/io/input_split_base.cc.o
[ 16%] Building CXX object dmlc-core/CMakeFiles/dmlccore.dir/src/io/local_filesys.cc.o
[ 17%] Linking CXX static library libdmlccore.a
[ 17%] Built target dmlccore
make: *** [all] Error 2
tks@tks-4790k:~/download/xgb/xgboost/build$ make -j4
-- Configuring done
-- Generating done
-- Build files have been written to: /home/tks/download/xgb/xgboost/build
[  5%] Built target rabit
[ 16%] Built target dmlccore
[ 17%] Building NVCC (Device) object CMakeFiles/updater_gpu.dir/plugin/updater_gpu/src/updater_gpu_generated_gpu_builder.cu.o
/home/tks/download/xgb/xgboost/plugin/updater_gpu/src/device_helpers.cuh(151): warning: missing return statement at end of non-void function "dh::Timer::seconds_now"

/home/tks/download/xgb/xgboost/plugin/updater_gpu/src/device_helpers.cuh(164): warning: missing return statement at end of non-void function "dh::Timer::elapsed"

/home/tks/download/xgb/xgboost/include/xgboost/././feature_map.h(66): warning: type qualifier on return type is meaningless

/home/tks/download/xgb/xgboost/plugin/updater_gpu/src/gpu_builder.cu(263): warning: conversion from a string literal to "char *" is deprecated

/home/tks/download/xgb/xgboost/plugin/updater_gpu/src/gpu_builder.cu(273): warning: conversion from a string literal to "char *" is deprecated

/home/tks/download/xgb/xgboost/plugin/updater_gpu/src/gpu_builder.cu(279): warning: conversion from a string literal to "char *" is deprecated

/home/tks/download/xgb/xgboost/plugin/updater_gpu/src/gpu_builder.cu(289): warning: conversion from a string literal to "char *" is deprecated

/home/tks/download/xgb/xgboost/plugin/updater_gpu/src/gpu_builder.cu(291): warning: conversion from a string literal to "char *" is deprecated

/home/tks/download/xgb/xgboost/plugin/updater_gpu/src/gpu_builder.cu(294): warning: conversion from a string literal to "char *" is deprecated

/home/tks/download/xgb/xgboost/plugin/updater_gpu/src/gpu_builder.cu(401): warning: conversion from a string literal to "char *" is deprecated

/home/tks/download/xgb/xgboost/plugin/updater_gpu/src/gpu_builder.cu(406): warning: conversion from a string literal to "char *" is deprecated

/home/tks/download/xgb/xgboost/plugin/updater_gpu/src/device_helpers.cuh(151): warning: missing return statement at end of non-void function "dh::Timer::seconds_now"

/home/tks/download/xgb/xgboost/plugin/updater_gpu/src/device_helpers.cuh(164): warning: missing return statement at end of non-void function "dh::Timer::elapsed"

/home/tks/download/xgb/xgboost/include/xgboost/././feature_map.h(66): warning: type qualifier on return type is meaningless

/home/tks/download/xgb/xgboost/plugin/updater_gpu/src/gpu_builder.cu(263): warning: conversion from a string literal to "char *" is deprecated

/home/tks/download/xgb/xgboost/plugin/updater_gpu/src/gpu_builder.cu(273): warning: conversion from a string literal to "char *" is deprecated

/home/tks/download/xgb/xgboost/plugin/updater_gpu/src/gpu_builder.cu(279): warning: conversion from a string literal to "char *" is deprecated

/home/tks/download/xgb/xgboost/plugin/updater_gpu/src/gpu_builder.cu(289): warning: conversion from a string literal to "char *" is deprecated

/home/tks/download/xgb/xgboost/plugin/updater_gpu/src/gpu_builder.cu(291): warning: conversion from a string literal to "char *" is deprecated

/home/tks/download/xgb/xgboost/plugin/updater_gpu/src/gpu_builder.cu(294): warning: conversion from a string literal to "char *" is deprecated

/home/tks/download/xgb/xgboost/plugin/updater_gpu/src/gpu_builder.cu(401): warning: conversion from a string literal to "char *" is deprecated

/home/tks/download/xgb/xgboost/plugin/updater_gpu/src/gpu_builder.cu(406): warning: conversion from a string literal to "char *" is deprecated

/home/tks/download/xgb/xgboost/plugin/updater_gpu/src/device_helpers.cuh: In destructor 'dh::bulk_allocator::~bulk_allocator()':
/home/tks/download/xgb/xgboost/plugin/updater_gpu/src/device_helpers.cuh:404:19: warning: NULL used in arithmetic [-Wpointer-arith]
     if (!d_ptr == NULL) {
                   ^
Scanning dependencies of target updater_gpu
[ 19%] Linking CXX static library libupdater_gpu.a
[ 19%] Built target updater_gpu
Scanning dependencies of target libxgboost
Scanning dependencies of target xgboost
[ 20%] Building CXX object CMakeFiles/xgboost.dir/src/c_api/c_api.cc.o
[ 21%] Building CXX object CMakeFiles/libxgboost.dir/src/c_api/c_api_error.cc.o
[ 22%] Building CXX object CMakeFiles/libxgboost.dir/src/c_api/c_api.cc.o
[ 23%] Building CXX object CMakeFiles/xgboost.dir/src/c_api/c_api_error.cc.o
[ 25%] Building CXX object CMakeFiles/xgboost.dir/src/common/common.cc.o
[ 26%] Building CXX object CMakeFiles/xgboost.dir/src/data/data.cc.o
[ 27%] Building CXX object CMakeFiles/libxgboost.dir/src/common/common.cc.o
[ 28%] Building CXX object CMakeFiles/xgboost.dir/src/data/simple_csr_source.cc.o
[ 29%] Building CXX object CMakeFiles/libxgboost.dir/src/data/data.cc.o
[ 30%] Building CXX object CMakeFiles/libxgboost.dir/src/data/simple_csr_source.cc.o
[ 32%] Building CXX object CMakeFiles/libxgboost.dir/src/data/simple_dmatrix.cc.o
[ 33%] Building CXX object CMakeFiles/xgboost.dir/src/data/simple_dmatrix.cc.o
[ 34%] Building CXX object CMakeFiles/xgboost.dir/src/data/sparse_page_dmatrix.cc.o
[ 35%] Building CXX object CMakeFiles/xgboost.dir/src/data/sparse_page_raw_format.cc.o
[ 36%] Building CXX object CMakeFiles/libxgboost.dir/src/data/sparse_page_dmatrix.cc.o
[ 38%] Building CXX object CMakeFiles/libxgboost.dir/src/data/sparse_page_raw_format.cc.o
[ 39%] Building CXX object CMakeFiles/libxgboost.dir/src/data/sparse_page_source.cc.o
[ 40%] Building CXX object CMakeFiles/xgboost.dir/src/data/sparse_page_source.cc.o
[ 41%] Building CXX object CMakeFiles/libxgboost.dir/src/data/sparse_page_writer.cc.o
[ 42%] Building CXX object CMakeFiles/xgboost.dir/src/data/sparse_page_writer.cc.o
[ 44%] Building CXX object CMakeFiles/xgboost.dir/src/gbm/gblinear.cc.o
[ 45%] Building CXX object CMakeFiles/libxgboost.dir/src/gbm/gblinear.cc.o
[ 46%] Building CXX object CMakeFiles/libxgboost.dir/src/gbm/gbm.cc.o
[ 47%] Building CXX object CMakeFiles/libxgboost.dir/src/gbm/gbtree.cc.o
[ 48%] Building CXX object CMakeFiles/xgboost.dir/src/gbm/gbm.cc.o
[ 50%] Building CXX object CMakeFiles/libxgboost.dir/src/metric/elementwise_metric.cc.o
[ 51%] Building CXX object CMakeFiles/xgboost.dir/src/gbm/gbtree.cc.o
[ 52%] Building CXX object CMakeFiles/libxgboost.dir/src/metric/metric.cc.o
[ 53%] Building CXX object CMakeFiles/xgboost.dir/src/metric/elementwise_metric.cc.o
[ 54%] Building CXX object CMakeFiles/xgboost.dir/src/metric/metric.cc.o
[ 55%] Building CXX object CMakeFiles/libxgboost.dir/src/metric/multiclass_metric.cc.o
[ 57%] Building CXX object CMakeFiles/xgboost.dir/src/metric/multiclass_metric.cc.o
[ 58%] Building CXX object CMakeFiles/libxgboost.dir/src/metric/rank_metric.cc.o
[ 59%] Building CXX object CMakeFiles/xgboost.dir/src/metric/rank_metric.cc.o
[ 60%] Building CXX object CMakeFiles/libxgboost.dir/src/objective/multiclass_obj.cc.o
[ 61%] Building CXX object CMakeFiles/libxgboost.dir/src/objective/objective.cc.o
[ 63%] Building CXX object CMakeFiles/libxgboost.dir/src/objective/rank_obj.cc.o
[ 64%] Building CXX object CMakeFiles/xgboost.dir/src/objective/multiclass_obj.cc.o
[ 65%] Building CXX object CMakeFiles/xgboost.dir/src/objective/objective.cc.o
[ 66%] Building CXX object CMakeFiles/xgboost.dir/src/objective/rank_obj.cc.o
[ 67%] Building CXX object CMakeFiles/libxgboost.dir/src/objective/regression_obj.cc.o
[ 69%] Building CXX object CMakeFiles/libxgboost.dir/src/tree/tree_model.cc.o
[ 70%] Building CXX object CMakeFiles/xgboost.dir/src/objective/regression_obj.cc.o
[ 71%] Building CXX object CMakeFiles/xgboost.dir/src/tree/tree_model.cc.o
[ 72%] Building CXX object CMakeFiles/xgboost.dir/src/tree/tree_updater.cc.o
[ 73%] Building CXX object CMakeFiles/libxgboost.dir/src/tree/tree_updater.cc.o
[ 75%] Building CXX object CMakeFiles/libxgboost.dir/src/tree/updater_colmaker.cc.o
[ 76%] Building CXX object CMakeFiles/xgboost.dir/src/tree/updater_colmaker.cc.o
[ 77%] Building CXX object CMakeFiles/libxgboost.dir/src/tree/updater_histmaker.cc.o
[ 78%] Building CXX object CMakeFiles/xgboost.dir/src/tree/updater_histmaker.cc.o
[ 79%] Building CXX object CMakeFiles/libxgboost.dir/src/tree/updater_prune.cc.o
[ 80%] Building CXX object CMakeFiles/libxgboost.dir/src/tree/updater_refresh.cc.o
[ 82%] Building CXX object CMakeFiles/libxgboost.dir/src/tree/updater_skmaker.cc.o
[ 83%] Building CXX object CMakeFiles/xgboost.dir/src/tree/updater_prune.cc.o
[ 84%] Building CXX object CMakeFiles/xgboost.dir/src/tree/updater_refresh.cc.o
[ 85%] Building CXX object CMakeFiles/libxgboost.dir/src/tree/updater_sync.cc.o
[ 86%] Building CXX object CMakeFiles/libxgboost.dir/src/cli_main.cc.o
[ 88%] Building CXX object CMakeFiles/xgboost.dir/src/tree/updater_skmaker.cc.o
[ 89%] Building CXX object CMakeFiles/libxgboost.dir/src/learner.cc.o
[ 90%] Building CXX object CMakeFiles/xgboost.dir/src/tree/updater_sync.cc.o
[ 91%] Building CXX object CMakeFiles/xgboost.dir/src/cli_main.cc.o
[ 92%] Building CXX object CMakeFiles/xgboost.dir/src/learner.cc.o
[ 94%] Building CXX object CMakeFiles/libxgboost.dir/src/logging.cc.o
[ 95%] Building CXX object CMakeFiles/libxgboost.dir/plugin/updater_gpu/src/updater_gpu.cc.o
[ 96%] Building CXX object CMakeFiles/xgboost.dir/src/logging.cc.o
[ 97%] Building CXX object CMakeFiles/xgboost.dir/plugin/updater_gpu/src/updater_gpu.cc.o
[ 98%] Linking CXX shared library ../lib/libxgboost.so
[100%] Linking CXX executable ../xgboost
[100%] Built target libxgboost
[100%] Built target xgboost